warning: Git tree '/workspace/backrooms-workspace' has uncommitted changes
evaluation warning: The xorg package set has been deprecated, 'xorg.libX11' has been renamed to 'libx11'
evaluation warning: The xorg package set has been deprecated, 'xorg.libXcursor' has been renamed to 'libxcursor'
evaluation warning: The xorg package set has been deprecated, 'xorg.libXrandr' has been renamed to 'libxrandr'
evaluation warning: The xorg package set has been deprecated, 'xorg.libXi' has been renamed to 'libxi'
evaluation warning: The xorg package set has been deprecated, 'xorg.libX11' has been renamed to 'libx11'
evaluation warning: The xorg package set has been deprecated, 'xorg.libXcursor' has been renamed to 'libxcursor'
evaluation warning: The xorg package set has been deprecated, 'xorg.libXrandr' has been renamed to 'libxrandr'
evaluation warning: The xorg package set has been deprecated, 'xorg.libXi' has been renamed to 'libxi'
copying path '/nix/store/9rv34bvwzfvvg768jd3lbmvh2l5ickv1-eigen-3.4.1' from 'https://cache.nixos.org'...
copying path '/nix/store/84h52wlvlvb2y7hmm6338m7i4m1mpi0v-ffmpeg-8.1' from 'https://cache.nixos.org'...
copying path '/nix/store/yp9izjlvclh8v9zidcnfcnms0kh9j60x-vulkan-headers-1.4.341.0' from 'https://cache.nixos.org'...
copying path '/nix/store/h11h9pq0d23c8n2k0pd162mgzg1z4jca-xorgproto-2025.1' from 'https://cache.nixos.org'...
copying path '/nix/store/p8hlxg73dkxaznhql8pdkgrvf0xsy68y-alsa-lib-1.2.15.3-dev' from 'https://cache.nixos.org'...
copying path '/nix/store/l2ncv032n6a9rlzrlvlxys79p4pd179f-enet-1.3.18' from 'https://cache.nixos.org'...
copying path '/nix/store/pxxjhd9y7z2anp67bp6j4002r9bnwizf-ffmpeg-8.1-data' from 'https://cache.nixos.org'...
copying path '/nix/store/m5bpggffzpxfchvnvnvqiy8lcdp1jvvj-gflags-2.2.2' from 'https://cache.nixos.org'...
copying path '/nix/store/0jngqd8asdfjk44si8yalhrrzvyk6azh-libglvnd-1.7.0-dev' from 'https://cache.nixos.org'...
copying path '/nix/store/pyi5c1mczx35x4v0spvpana14f06dj4j-libxcursor-1.2.3-dev' from 'https://cache.nixos.org'...
copying path '/nix/store/rlzm88ay9s27biynqbypdsjb64lypacy-libxkbcommon-1.13.1-dev' from 'https://cache.nixos.org'...
copying path '/nix/store/7a235m7crqbb4h49sak20fqxpw3n7hr0-ninja-1.13.2' from 'https://cache.nixos.org'...
copying path '/nix/store/a2rgsn26qc5gx06kxw27w3ia38310408-qttranslations-5.15.18' from 'https://cache.nixos.org'...
copying path '/nix/store/n0a93nl0ydkgnwwyqrrib8nrd9g51gi7-systemd-minimal-libs-260.1-dev' from 'https://cache.nixos.org'...
copying path '/nix/store/d6vnmfmcz5b299180issiaad4m96wh8k-vulkan-loader-1.4.341.0' from 'https://cache.nixos.org'...
copying path '/nix/store/v3jm5z02mx668hx7gwd9kwxqxpfyd62i-wayland-1.25.0-dev' from 'https://cache.nixos.org'...
copying path '/nix/store/drxcv33qq9ava7gdpik5xs9q2wfnhdb0-binutils-wrapper-2.46' from 'https://cache.nixos.org'...
copying path '/nix/store/qmajd4nyy8zf70g9p4x2lcq45gq5gzy3-boost-1.89.0' from 'https://cache.nixos.org'...
copying path '/nix/store/8h9rgib1951x06aq5x6hfkfxngrmzl1z-cdparanoia-iii-10.2' from 'https://cache.nixos.org'...
copying path '/nix/store/ciwvx39m0iiyr98d1rkc4rl3l9y0wfnd-cjson-1.7.19' from 'https://cache.nixos.org'...
copying path '/nix/store/86zfziydv4n5wxy8hlqcw9923cikdydx-cracklib-2.10.3' from 'https://cache.nixos.org'...
copying path '/nix/store/z27nyp7sk8zhfxp6anmnc2im1v09i6a1-curl-8.20.0' from 'https://cache.nixos.org'...
copying path '/nix/store/npqnj4bi9jx354sgzf0knpakvaggjb57-curl-8.20.0-man' from 'https://cache.nixos.org'...
copying path '/nix/store/8djyszx2irb53bg5n08ayw28r6w5fmv3-db-4.8.30' from 'https://cache.nixos.org'...
copying path '/nix/store/5y1v5mjsrlz3i2pwg43hdc6ghjjylbpq-die-hook' from 'https://cache.nixos.org'...
copying path '/nix/store/9bniwfs96zbci8v2zj183190nkcgmikg-ell-0.83' from 'https://cache.nixos.org'...
copying path '/nix/store/wy1pk9hr01lhhjp2zyvx433pqjyfsk2h-faad2-2.11.2' from 'https://cache.nixos.org'...
copying path '/nix/store/j4scrmzn1h9gap99ka91w0s7z11ml8kn-fdk-aac-2.0.3' from 'https://cache.nixos.org'...
copying path '/nix/store/40nmq7fnji3iclksfb702ry61ilw2ypx-ffmpeg-headless-8.1-data' from 'https://cache.nixos.org'...
copying path '/nix/store/kq39hlb5gz0rvfsndxzbk2fkbsdqds2z-fftw-double-3.3.10' from 'https://cache.nixos.org'...
copying path '/nix/store/g2cwwnjsivg7br1i90vlmg5jaz9np2kv-fftw-single-3.3.10' from 'https://cache.nixos.org'...
copying path '/nix/store/b9d8xlh6gr6m75wzcmad8zizbp5mypsa-fmt-12.1.0' from 'https://cache.nixos.org'...
copying path '/nix/store/h462x8hbc103xl8pbwgw4ibybkl6g4zx-freepats-20060219' from 'https://cache.nixos.org'...
copying path '/nix/store/xq8r4fvjpymdf5g3q2mw27wnxb0cr270-game-music-emu-0.6.4' from 'https://cache.nixos.org'...
copying path '/nix/store/ciq3zg1lwjac9lsim9grz542lyry65vc-gfortran-15.2.0-libgcc' from 'https://cache.nixos.org'...
copying path '/nix/store/kb5c644zdlq22cglcy9vs039p7rfpamr-glog-0.7.1' from 'https://cache.nixos.org'...
copying path '/nix/store/cs2axi6w0ylyifg7j1mb99360fxcg4nn-glslang-16.2.0' from 'https://cache.nixos.org'...
copying path '/nix/store/4ygb5y4mi639r19wph6hi2snzccs87gv-fmt-12.1.0-dev' from 'https://cache.nixos.org'...
copying path '/nix/store/y3cx711jnb68bb1zbvzimd3r7lj8ghl8-glu-9.0.3' from 'https://cache.nixos.org'...
copying path '/nix/store/ksd5hkdnyd6qibjk54lprmh9y5fjwc6n-gnum4-1.4.21' from 'https://cache.nixos.org'...
copying path '/nix/store/55nbxpjrgrrsplq739z1z8n05h16cgsq-gnutar-1.35' from 'https://cache.nixos.org'...
copying path '/nix/store/sip20973p37114yis96sba5f4pzl7s3i-gfortran-15.2.0-lib' from 'https://cache.nixos.org'...
copying path '/nix/store/sj0dwykmfjb25zd6c7mrijcr8w8wnlw0-graphene-1.10.8' from 'https://cache.nixos.org'...
copying path '/nix/store/8hxxy9b9dyiszwq6y1lvwzazxi50rkzj-gsm-1.0.24' from 'https://cache.nixos.org'...
copying path '/nix/store/lm0mnrqzkp71f7nzl0wzc3djkzhf7bvc-gssdp-1.6.4' from 'https://cache.nixos.org'...
copying path '/nix/store/rsmk7psm9kph06fdjay1g97syi8g6g7c-gtest-1.17.0' from 'https://cache.nixos.org'...
copying path '/nix/store/sgx4zx9pcjxh8s25flkpzz53gbk5xply-harfbuzz-icu-13.2.1' from 'https://cache.nixos.org'...
copying path '/nix/store/bazbfy39njrwsyb79a5mblx2cmal3907-hwdata-0.406' from 'https://cache.nixos.org'...
copying path '/nix/store/yyjnfc09myx5rz24jp5pagscrdpac2y2-hwloc-2.13.0-lib' from 'https://cache.nixos.org'...
copying path '/nix/store/kipiagm7sbya53yb47fwk1lxnp57ahl9-imath-3.2.2' from 'https://cache.nixos.org'...
copying path '/nix/store/6i31ijsdf1f9rwrismd143qdhj6i96sk-json-c-0.18' from 'https://cache.nixos.org'...
copying path '/nix/store/rfh86fa5ah79q67y5xy4dzghbf25sc6g-glew-2.2.0' from 'https://cache.nixos.org'...
copying path '/nix/store/swfab6wvpyrj7n03sf5b8kibvn5minlq-kbd-2.9.0' from 'https://cache.nixos.org'...
copying path '/nix/store/xlhlyw0d7br90ljfaihhf3mcvj2823n0-gupnp-1.6.9' from 'https://cache.nixos.org'...
copying path '/nix/store/lq8hmw66643r13093svksw8jv22vpp10-kexec-tools-2.0.32' from 'https://cache.nixos.org'...
copying path '/nix/store/ksami5im2kz3przdlh55349gsrkl0mfj-lame-3.100-lib' from 'https://cache.nixos.org'...
copying path '/nix/store/m8pcwn2fldsd590qmzn0rz5hjmknqr40-ldacBT-2.0.2.3' from 'https://cache.nixos.org'...
copying path '/nix/store/qhmqdg27kcrlkl8ida6d5hiacw0y8d21-elfutils-0.194' from 'https://cache.nixos.org'...
copying path '/nix/store/v1qmqzyvyq91pfgsjx8cpzfrlhnxsw0z-abseil-cpp-20260107.1' from 'https://cache.nixos.org'...
copying path '/nix/store/xranyjxaf1sx33xnycpgzxks1b36zr1j-libapparmor-4.1.7' from 'https://cache.nixos.org'...
copying path '/nix/store/f1584f659vjzigscdcm59c4sl7j2d094-libarchive-3.8.7-lib' from 'https://cache.nixos.org'...
copying path '/nix/store/9d3f33x2vk5hhlmidy7mzzpryn14s3ns-libass-0.17.4' from 'https://cache.nixos.org'...
copying path '/nix/store/i6ydjjps5z11kcljpkqnpg9abf536ylv-libbluray-1.4.1' from 'https://cache.nixos.org'...
copying path '/nix/store/xzf15i29vcfinhyb2c7jg4x37lzmma0m-libcap-2.77-lib' from 'https://cache.nixos.org'...
copying path '/nix/store/y32wls8fy4s23ly14j4gywcmh2vll2xx-libcap-ng-0.9.3' from 'https://cache.nixos.org'...
copying path '/nix/store/kdyd643j5avpjrhmy9xzysdy4kq33yzw-gupnp-igd-1.6.0' from 'https://cache.nixos.org'...
copying path '/nix/store/7ila4dvqgp54i9m273h8h82w7r43n6zc-libcbor-0.13.0' from 'https://cache.nixos.org'...
copying path '/nix/store/8r6ihhlrjr2h11mxzbjsmabikznnycvd-libconfig-1.8' from 'https://cache.nixos.org'...
copying path '/nix/store/q171p3yk8c4c5fr2x7v19krlv1lbbf0h-libde265-1.0.18' from 'https://cache.nixos.org'...
copying path '/nix/store/l0vcjli9fx4m5pxw6ldq8s7dkqmd7f51-libdecor-0.2.5' from 'https://cache.nixos.org'...
copying path '/nix/store/6igjbhzsqkb5lwiyasc1m45s5aiaal75-libdvdcss-1.4.3' from 'https://cache.nixos.org'...
copying path '/nix/store/2vhm1chi4vn7vwfx84bqdj5nnipr6cwz-audit-4.1.2-unstable-2025-09-06-lib' from 'https://cache.nixos.org'...
copying path '/nix/store/lji237vfy0sxz7hwjcssnb5snhvws8dl-libbpf-1.7.0' from 'https://cache.nixos.org'...
copying path '/nix/store/8p321c768aq5b57xg9mfq8flcnp7j1zc-libebur128-1.2.6' from 'https://cache.nixos.org'...
copying path '/nix/store/30zfjxi7yig12954lchln6ixl8igvrm7-libfreeaptx-0.2.2' from 'https://cache.nixos.org'...
copying path '/nix/store/6vl4kmphs7y1v9gzj2qnig2jgdbjj3d7-libfyaml-0.9.6' from 'https://cache.nixos.org'...
copying path '/nix/store/x7qp6h5bdyjf0d6c5s65h6gn24lgmhr1-libgpg-error-1.59' from 'https://cache.nixos.org'...
copying path '/nix/store/sdiyxg2s26pbv5qaxyr0q4kmbqim2wc0-libgudev-238' from 'https://cache.nixos.org'...
copying path '/nix/store/7p0nrcgqa1qfgznany6indj0xlcrs375-boost-1.89.0-dev' from 'https://cache.nixos.org'...
copying path '/nix/store/1dpqga4nhq4mla9d0g9f0apk4ckyafla-abseil-cpp-20260107.1-dev' from 'https://cache.nixos.org'...
copying path '/nix/store/09k084h65f38dwfjs9y0b02708a51322-libical-3.0.20' from 'https://cache.nixos.org'...
copying path '/nix/store/dnp8glhrjly9kg6b6iw0w2a7w40vgfrj-libice-1.1.2' from 'https://cache.nixos.org'...
copying path '/nix/store/bvq4r91i0iaxqgvvgb18jjizf6i6y1yj-liblc3-1.1.3' from 'https://cache.nixos.org'...
copying path '/nix/store/5x8kiic1bs6avs8g3rasqwad2dh2na36-libmad-0.15.1b' from 'https://cache.nixos.org'...
copying path '/nix/store/hk8cjga237vyf636zr45y4li4bk6mwra-libmicrohttpd-1.0.2' from 'https://cache.nixos.org'...
copying path '/nix/store/8744rh54rbzznx7y53hz1s34dvpglp9b-libdvdread-7.0.1' from 'https://cache.nixos.org'...
copying path '/nix/store/g8nw4xksf7m4p63khpq229br1mpqjikl-libmodplug-0.8.9.0' from 'https://cache.nixos.org'...
copying path '/nix/store/7dr4qx9ws30cdh9if3x79pbby3nxakrf-libmpg123-1.33.4' from 'https://cache.nixos.org'...
copying path '/nix/store/3dfadr6jq1p2s93fcx46lq0x21gqlc3g-libmysofa-1.3.3' from 'https://cache.nixos.org'...
copying path '/nix/store/kz9nf4vb7pg38411r2aaa634k1p4klvc-libogg-1.3.6' from 'https://cache.nixos.org'...
copying path '/nix/store/56nmfisvhchafp5xsidvqij97ikb5zn1-libgcrypt-1.11.2-lib' from 'https://cache.nixos.org'...
copying path '/nix/store/s1hjbyg12jj4q3m5drn4i6prgwhr437w-libopus-1.6.1' from 'https://cache.nixos.org'...
copying path '/nix/store/g273dhprbasws60m9867jdc5s2az689d-libpciaccess-0.19' from 'https://cache.nixos.org'...
copying path '/nix/store/l7p1vz29z2q0k8yiq87lklinglxgwyjr-libpq-18.4' from 'https://cache.nixos.org'...
copying path '/nix/store/ysv87dsi42pf14kliyp0vmyylcs36yk0-libraw1394-2.1.2' from 'https://cache.nixos.org'...
copying path '/nix/store/q467fsvyhfjbv2vym2yziarzvrh45k7k-flac-1.5.0' from 'https://cache.nixos.org'...
copying path '/nix/store/1n64d2v17vqap62nyg7lbacrj0aj395d-libsamplerate-0.2.2' from 'https://cache.nixos.org'...
copying path '/nix/store/i1hdncqg9y1cv43j6nnqm51j915cjxxx-libseccomp-2.6.0-lib' from 'https://cache.nixos.org'...
copying path '/nix/store/z5sgq093w3yr5635cqgdr16n0nwqm8hw-libdvdnav-6.1.1' from 'https://cache.nixos.org'...
copying path '/nix/store/z0zfam9nv9z8dz4gb2afxmxlq8h94h43-libsigc++-2.12.1' from 'https://cache.nixos.org'...
copying path '/nix/store/m3hi0c84kp8way88qhjff5mnzhgfzagy-bluez-5.86' from 'https://cache.nixos.org'...
copying path '/nix/store/wrrvwiwj135f5fw210d2zywp1zg99m0m-libsm-1.2.6' from 'https://cache.nixos.org'...
copying path '/nix/store/62c4byq4h4479vik3pvbsaqx86bg6xvg-libsrtp-2.8.0' from 'https://cache.nixos.org'...
copying path '/nix/store/i902cbjvkp7q7msygdih15ry388vah18-libavc1394-0.5.4' from 'https://cache.nixos.org'...
copying path '/nix/store/bi4hm954mh5w7vsggpjmwqdc9p23rcbs-libdc1394-2.2.7' from 'https://cache.nixos.org'...
copying path '/nix/store/8fbsxg75a01nm3ivxg8kl3zxd7wx34p2-libdrm-2.4.133' from 'https://cache.nixos.org'...
copying path '/nix/store/j7h43bf6kvfqs6jk689m2vivmxfxnlxm-libiec61883-1.2.0' from 'https://cache.nixos.org'...
copying path '/nix/store/g9xaq2dvx36f57kdkfqmgxn6y336zyb0-glibmm-2.66.8' from 'https://cache.nixos.org'...
copying path '/nix/store/mn75280qc354bcpasg8hi4nhsplrfc9n-libsecret-0.21.7' from 'https://cache.nixos.org'...
copying path '/nix/store/002784hlqqxjqfw6fmr55w6b1y5k33yl-libssh-0.12.0' from 'https://cache.nixos.org'...
copying path '/nix/store/mgvggj78cigpkzdspqbh0m17fvaadhak-libtheora-1.2.0' from 'https://cache.nixos.org'...
copying path '/nix/store/ya1cmxlwv9im6k3ahp6aqym6xqcp49vd-libtpms-0.10.2' from 'https://cache.nixos.org'...
copying path '/nix/store/b4rmk80r82vgc3zjln3fms9z7mydkv2x-libultrahdr-1.4.0' from 'https://cache.nixos.org'...
copying path '/nix/store/ng1sbbcgzmmj2zvf33wamrzsqizjhgrj-libunwind-1.8.3' from 'https://cache.nixos.org'...
copying path '/nix/store/j47davc6iwnwpg8lxf72bvk1dah1qqrf-libusb-1.0.29' from 'https://cache.nixos.org'...
copying path '/nix/store/pwvgxbwfn8ps2y4fcq6scgj3pfxjxznb-libuv-1.52.1' from 'https://cache.nixos.org'...
copying path '/nix/store/iqr51pwna7daax80l4c1rh3lp7mxlwvm-libvdpau-1.5' from 'https://cache.nixos.org'...
copying path '/nix/store/q7xxk3bzyhp4b4f3685z0mp8grg3r5l8-libvorbis-1.3.7' from 'https://cache.nixos.org'...
copying path '/nix/store/j4wzv8zmw157aim4qazyklhwn1zbcbph-libdrm-2.4.133-bin' from 'https://cache.nixos.org'...
copying path '/nix/store/g04j1g5niwibk6h6l5j407476was6av6-libjack2-1.9.22' from 'https://cache.nixos.org'...
copying path '/nix/store/19ird1a31plmgjhppsqww9xs8z4wzlqr-libva-2.23.0' from 'https://cache.nixos.org'...
copying path '/nix/store/h6brx9sabimc3q32imqa9i6nir2hml0l-libva-minimal-2.23.0' from 'https://cache.nixos.org'...
copying path '/nix/store/gjbj67bwm80bwdfmifzzqi1sc5j0dg5q-libvpx-1.16.0' from 'https://cache.nixos.org'...
copying path '/nix/store/1rhchilgcirwrwmq4h8xqldkn8lx209x-libx11-1.8.13-dev' from 'https://cache.nixos.org'...
copying path '/nix/store/3wwd9vqjrs1ak4dg1vqaa9p52c91d2g6-libxau-1.0.12-dev' from 'https://cache.nixos.org'...
copying path '/nix/store/brivbydwp5ykjhaw8pnc2kf3jrni24bz-gperftools-2.17.2' from 'https://cache.nixos.org'...
copying path '/nix/store/cjbqbfl31swnpik6wv2ic0ksxpb8r9x9-gstreamer-1.26.11' from 'https://cache.nixos.org'...
copying path '/nix/store/51g7j72f4b65ywijai10sch1fb50bqmv-libxcb-keysyms-0.4.1' from 'https://cache.nixos.org'...
copying path '/nix/store/rrfpqm2fy9yick5qh72ph0x0wp932w59-libxcb-render-util-0.3.10' from 'https://cache.nixos.org'...
copying path '/nix/store/483wixjigga3ikcn57169zpwr30l6qvf-libsndfile-1.2.2' from 'https://cache.nixos.org'...
copying path '/nix/store/3i890jzxi73yrw268g2glpbqqgzgrv3p-libdrm-2.4.133-dev' from 'https://cache.nixos.org'...
copying path '/nix/store/pdy4va4m24xl8f0c792jzfz00g1knai4-libxcb-util-0.4.1' from 'https://cache.nixos.org'...
copying path '/nix/store/q9vsn98rfa2dggzk5rqjfkc9q857vnqi-libxcb-wm-0.4.2' from 'https://cache.nixos.org'...
copying path '/nix/store/nzgfvz491qhgx0dwj0pm7ajy58pcnpml-libxext-1.3.7-dev' from 'https://cache.nixos.org'...
copying path '/nix/store/48wf4gqdr4w5xccz708ccw94ks5nfjzn-libxfixes-6.0.2-dev' from 'https://cache.nixos.org'...
copying path '/nix/store/423d26vk76y77bihjd6yvjy1p73v8haa-libxml++-3.2.5' from 'https://cache.nixos.org'...
copying path '/nix/store/b5ywngp7b3qa2zjfpfjqjwmf34anx441-libxmlb-0.3.25-lib' from 'https://cache.nixos.org'...
copying path '/nix/store/dbffnayyadn311f7027iyw4lsbywgcvd-libxrender-0.9.12-dev' from 'https://cache.nixos.org'...
copying path '/nix/store/mdp1l6k3c965bg1v7b8swb9lmfchc13g-libxscrnsaver-1.2.5' from 'https://cache.nixos.org'...
copying path '/nix/store/xpgdpmr7rzzbv8nag6s4d9swwhwvh79k-libxslt-1.1.45' from 'https://cache.nixos.org'...
copying path '/nix/store/2mvdayy6h2s5z6cwq7c5spiaqnjbax4n-libxcb-image-0.4.1' from 'https://cache.nixos.org'...
copying path '/nix/store/qdb54iawfdsm2jqb2aybqwkkjlyl1yxv-libxv-1.0.13' from 'https://cache.nixos.org'...
copying path '/nix/store/0vsyi3ll34n145g0n8nc8d4s4fs1f3kq-libxxf86vm-1.1.7' from 'https://cache.nixos.org'...
copying path '/nix/store/phzxi1l7gcm9slvikj9w4yswd89hi14x-libyaml-0.2.5' from 'https://cache.nixos.org'...
copying path '/nix/store/m519bha4z5yag8znigfijp97q84h08sk-libxi-1.8.2-dev' from 'https://cache.nixos.org'...
copying path '/nix/store/6rkgcwb98qy9ik9yvxa0kf0zzz9fj9dv-linux-pam-1.7.1' from 'https://cache.nixos.org'...
copying path '/nix/store/p1mcy949vckggv1igqkq94s4mpnlh6qi-libbs2b-3.1.0' from 'https://cache.nixos.org'...
copying path '/nix/store/f1m58kxjpxp77k0f39hga0jiihgxnk0i-libxrandr-1.5.5-dev' from 'https://cache.nixos.org'...
copying path '/nix/store/sn4y9m3yg3qgxi14h9cl51l333zi40xq-lndir-1.0.5' from 'https://cache.nixos.org'...
copying path '/nix/store/drdijsg9v4vzr52apn4kfclg8h5w6574-lvm2-2.03.39-lib' from 'https://cache.nixos.org'...
copying path '/nix/store/1sqv041sgi0qa859xk2m7fw23s6y7ak6-ffado-2.4.9' from 'https://cache.nixos.org'...
copying path '/nix/store/qshffsmymp4gvgjx6g9kblcr5k4ly95r-lz4-1.10.0-lib' from 'https://cache.nixos.org'...
copying path '/nix/store/qw8rpqmndqzyc3fzzla754v5hlpm10i4-make-shell-wrapper-hook' from 'https://cache.nixos.org'...
copying path '/nix/store/l4vddxkxwpm5991ga0jmcr57cl50bafi-freeglut-3.8.0' from 'https://cache.nixos.org'...
copying path '/nix/store/0ggmvkkcr23vin6kfjk6m0cvn1ccck5c-mariadb-connector-c-3.3.5' from 'https://cache.nixos.org'...
copying path '/nix/store/r4z9iqiagmr78kzx0vswa5hspi1aq8wn-mbedtls-3.6.6' from 'https://cache.nixos.org'...
copying path '/nix/store/vqdj7h2d94f494in371j7jwz8akymryi-mesa-libgbm-26.0.3' from 'https://cache.nixos.org'...
copying path '/nix/store/27c6ir8cvc6bs1xcy6ggcm9i5h553ijm-libnice-0.1.22' from 'https://cache.nixos.org'...
copying path '/nix/store/3913caig0lz30nizzgp2jfzg9772m2h2-metis-5.2.1' from 'https://cache.nixos.org'...
copying path '/nix/store/cs4q4nc741n5g4b5g4b5kj8ybjflikjf-miniupnpc-2.3.3' from 'https://cache.nixos.org'...
copying path '/nix/store/ka9sip4d4alj85bvvk01p94721dg9f7b-minizip-ng-4.2.1' from 'https://cache.nixos.org'...
copying path '/nix/store/mirf7c51qwb4d454smz1725gx9r2m5bj-mirrors-list' from 'https://cache.nixos.org'...
copying path '/nix/store/2ckjvsi8lc3bh2wjwvvagsjlr0wxf16h-libpwquality-1.4.5-lib' from 'https://cache.nixos.org'...
copying path '/nix/store/6rdcnij4gddpngddfhgk6ngbvvpzg9nk-mpfr-4.2.2' from 'https://cache.nixos.org'...
copying path '/nix/store/95iz03in2wfhh6nmid90pc0nk1vgpmbv-cryptsetup-2.8.6' from 'https://cache.nixos.org'...
copying path '/nix/store/lklgndzq5gy6nkm2ak0dgrgyhfwsf660-neon-0.37.1' from 'https://cache.nixos.org'...
copying path '/nix/store/g8p5by5d4k7k8a5wgm6j0kjb0g9samrm-nghttp2-1.69.0' from 'https://cache.nixos.org'...
copying path '/nix/store/il3n0xcwqkwpdr7ybc2gxy4myr11mwq4-nghttp2-1.69.0-lib' from 'https://cache.nixos.org'...
copying path '/nix/store/wjfhh11sfcdf97mvg7hbxickybxzk850-numactl-2.0.18' from 'https://cache.nixos.org'...
copying path '/nix/store/3669nnxilz1y16ifi9nzdkyljhcihx2p-ocl-icd-2.3.4' from 'https://cache.nixos.org'...
copying path '/nix/store/3hiz5p86da1lqs7w1znlw3zqasr9fhfc-onetbb-2022.3.0' from 'https://cache.nixos.org'...
copying path '/nix/store/kdrf8f2x3gg7kwa236mj49zsqf97x6c8-openapv-0.2.1.2' from 'https://cache.nixos.org'...
copying path '/nix/store/jplbaqh36y1lbnmazrnlcv31dszhjsr0-openexr-3.4.10' from 'https://cache.nixos.org'...
copying path '/nix/store/k5hy2gzwfmahm9yyvp708qxrawr4pssd-openfec-1.4.2.12' from 'https://cache.nixos.org'...
copying path '/nix/store/lkx271682df9xs6dx53a8wkpaw4vhjy7-openh264-2.6.0' from 'https://cache.nixos.org'...
copying path '/nix/store/viv5274f8mkvkg9df7karvl4ffwp0xkb-openjpeg-2.5.4' from 'https://cache.nixos.org'...
copying path '/nix/store/qpahvrlaagqphfyrfzmp0b5a8xprchkf-openssl-3.6.2' from 'https://cache.nixos.org'...
copying path '/nix/store/rp3gn4l0ha5lmiamg7wf0lppsb2rw3vx-libajantv2-17.5.0' from 'https://cache.nixos.org'...
copying path '/nix/store/vf1h0mcc5xpasmsm771h2ngk9x8nqkn2-librist-0.2.11' from 'https://cache.nixos.org'...
copying path '/nix/store/85cmwsng4zj6gnhilxva0kg70ak6mbm4-nghttp2-1.69.0-dev' from 'https://cache.nixos.org'...
copying path '/nix/store/4wwgrqdskiqvqnj1634c4ynj3fa6al0f-openxr-loader-1.1.54' from 'https://cache.nixos.org'...
copying path '/nix/store/n0384v7n2kbkipphmpfkfqyn7fnw66ap-opusfile-0.12' from 'https://cache.nixos.org'...
copying path '/nix/store/8gyqz584kpkd2qxv2f2b3p2k5z0qwj3a-lttng-ust-2.14.0' from 'https://cache.nixos.org'...
copying path '/nix/store/vk01phpa8lcdafxynqcaj6pc3xkpaa3b-orc-0.4.41' from 'https://cache.nixos.org'...
copying path '/nix/store/wx85isidqdhvccbvdlsfq5aj5ff5k9n1-pcsclite-2.4.1-lib' from 'https://cache.nixos.org'...
copying path '/nix/store/fsvdnhb6s367dlr3j4dip2hyr4my4zdg-popt-1.19' from 'https://cache.nixos.org'...
copying path '/nix/store/xm3b1695mn2lg9kzj44l3md28k2v3j1q-embree-4.4.1' from 'https://cache.nixos.org'...
copying path '/nix/store/armsfbcsbzax7pnkim9cqgkx8n747n31-protobuf-34.1' from 'https://cache.nixos.org'...
copying path '/nix/store/x8aq4yd55z16j0w751p67ya43cngyln1-libdv-1.0.0' from 'https://cache.nixos.org'...
copying path '/nix/store/7f0ml50fn89ca4np3ysn800jkwv4iri3-krb5-1.22.1-lib' from 'https://cache.nixos.org'...
copying path '/nix/store/wwyaldsyx465j7izd20lpl3crb1rsi0b-libssh2-1.11.1' from 'https://cache.nixos.org'...
copying path '/nix/store/fafisxpi9z2dgyd0hwdzn9h2q6f5lq57-openssl-3.6.2-bin' from 'https://cache.nixos.org'...
copying path '/nix/store/w473jsj3d9gddbq80wm5y6ag314axw1h-ptex-2.4.2-lib' from 'https://cache.nixos.org'...
copying path '/nix/store/dk0rvk0xkin25k0y8863qril6wxpg4f1-pystring-1.1.4-unstable-2025-10-07' from 'https://cache.nixos.org'...
copying path '/nix/store/bna7nscp43rhgs0bagykx272s2qphg6i-libfido2-1.17.0' from 'https://cache.nixos.org'...
copying path '/nix/store/nlqixlvl4r8yj4hv0j932gchndvxpzks-libjxl-0.11.2' from 'https://cache.nixos.org'...
copying path '/nix/store/2xzvmy8836bgvdi3qgihrxc23p8iyarw-python3.13-pyelftools-0.32' from 'https://cache.nixos.org'...
copying path '/nix/store/2bg3bld68rq3qrrxv5ffwq6adbppl6wl-qrencode-4.1.1' from 'https://cache.nixos.org'...
copying path '/nix/store/ay6xl60h9av5drb3hp8l8c442j112251-qtbase-5.15.18' from 'https://cache.nixos.org'...
copying path '/nix/store/18l4j8y758qyzjgf7ixp22dbw10kmldp-raptor2-2.0.16' from 'https://cache.nixos.org'...
copying path '/nix/store/qmc2phn2pbimq55hmj0v8r02f6ld90fb-rhash-1.4.6' from 'https://cache.nixos.org'...
copying path '/nix/store/rmnwhljwqp4q6pyhv8237spagnvw80n8-curl-8.20.0' from 'https://cache.nixos.org'...
copying path '/nix/store/xgi6pr9l6vdlzh1wsjfa46v8w4c3l0i7-krb5-1.22.1' from 'https://cache.nixos.org'...
copying path '/nix/store/cznhmc4ralpl5jkrl1x77p2j4002wxj5-mjpegtools-2.2.1-lib' from 'https://cache.nixos.org'...
copying path '/nix/store/7kqv745n5yd97qn4p6cf3dl46im0wckf-openssl-3.6.2-dev' from 'https://cache.nixos.org'...
copying path '/nix/store/ifv7nx64ahs18jsy724zzwwdl3y88cwc-rtmpdump-2.6' from 'https://cache.nixos.org'...
copying path '/nix/store/r3has8y56j74qks4iw9afchs4rynpaxa-sbc-2.2' from 'https://cache.nixos.org'...
copying path '/nix/store/8s7hr6dc1s3zgflpnm8ca89694klignn-serd-0.32.8' from 'https://cache.nixos.org'...
copying path '/nix/store/r7grgparimgdb6ryi4xnif9ipgmrzzy5-python3-3.13.13-env' from 'https://cache.nixos.org'...
copying path '/nix/store/cm6gh3m6bg97hb56ra416bn0cpnfviwd-curl-8.20.0-bin' from 'https://cache.nixos.org'...
copying path '/nix/store/hbwlczcg3ip7cn9ff6cwxm2wi5hm1kc2-krb5-1.22.1-dev' from 'https://cache.nixos.org'...
copying path '/nix/store/jxdvdqbvnp58vcx554n9pmrm5jj76b31-libssh2-1.11.1-dev' from 'https://cache.nixos.org'...
copying path '/nix/store/r9941n32g4wyvggz2703dlplbdq8a6rd-cmake-4.1.2' from 'https://cache.nixos.org'...
copying path '/nix/store/52m6zc5rjaz2rlga73n90115zb35dj8l-lrdf-0.6.1' from 'https://cache.nixos.org'...
copying path '/nix/store/lrgcnvisgdb64hf02vx2c425nclhpnnb-soundtouch-2.4.1' from 'https://cache.nixos.org'...
copying path '/nix/store/b05yg75a01zvz9ag9qk1q21b5331fn38-soxr-0.1.3' from 'https://cache.nixos.org'...
copying path '/nix/store/7jn2vfdmg6gacnwss0697rhfxbyrn2n5-auto-patchelf-0-unstable-2024-08-14' from 'https://cache.nixos.org'...
copying path '/nix/store/1d4j9xp2cb3w2mmd5d490cdw9a84y3mb-spandsp-0.0.6' from 'https://cache.nixos.org'...
copying path '/nix/store/3c2363bkm8h4mbk1zrnrz9jdgxshxl7q-speech-dispatcher-0.12.1' from 'https://cache.nixos.org'...
copying path '/nix/store/x62lc9cwndz8yh47l0brgf06vjc4wnxj-speex-1.2.1' from 'https://cache.nixos.org'...
copying path '/nix/store/b6raakvsa23phwwhzq0a41bnfbr0z74v-speexdsp-1.2.1' from 'https://cache.nixos.org'...
copying path '/nix/store/azim31fjrmanwb4i0f15ywpk1jkizfxj-curl-8.20.0-dev' from 'https://cache.nixos.org'...
copying path '/nix/store/jl35p88sb0jjm11sr2p9v37q6hm3c6pm-sqlite-3.51.2-bin' from 'https://cache.nixos.org'...
copying path '/nix/store/iws2w7ijjjl47m71hmlhsb84pij133i7-auto-patchelf-hook' from 'https://cache.nixos.org'...
copying path '/nix/store/8rmf590yl9v5d29xk8xfs90y82ikc2yy-srt-1.5.4' from 'https://cache.nixos.org'...
copying path '/nix/store/81ff57hcs8gjlnaqqhbilzxsvb5pfzaa-stdenv-linux' from 'https://cache.nixos.org'...
copying path '/nix/store/3q4wwqny99xr196bg2j5s2mn0pkrg5vi-svt-av1-3.1.2' from 'https://cache.nixos.org'...
copying path '/nix/store/7fnjx0b7a7f80055i43v9pwbx25lwh0v-libpulseaudio-17.0' from 'https://cache.nixos.org'...
copying path '/nix/store/f5mrqy7q9h0j7209arnrj077izshrk8h-tpm2-tss-4.1.3' from 'https://cache.nixos.org'...
copying path '/nix/store/jlk3hwpssjiwc800dnagrxwwxjv36zwk-tremor-unstable-2018-03-16' from 'https://cache.nixos.org'...
copying path '/nix/store/alsxw6b2rdwhmw3rq41d3kbk02km20wh-v4l-utils-1.32.0' from 'https://cache.nixos.org'...
copying path '/nix/store/hfnk357mb1n0yyvvz7wdprh7nwsi0vqk-vid.stab-1.1.1-unstable-2025-08-21' from 'https://cache.nixos.org'...
building '/nix/store/6gaanclvqz22af0vxh773n7pxjppcl9p-cargo-1.96.0-x86_64-unknown-linux-gnu.tar.xz.drv'...
building '/nix/store/f40q0zw5i7kxmvf221nbl9442mkcf43v-clippy-1.96.0-x86_64-unknown-linux-gnu.tar.xz.drv'...
building '/nix/store/v8s7vba2230b9jpxpq3zsmgiv43mkbav-rust-docs-1.96.0-x86_64-unknown-linux-gnu.tar.xz.drv'...
building '/nix/store/hx57rg9crsmcnzfq1hikw2f8jvn7c6m8-rust-std-1.96.0-x86_64-unknown-linux-gnu.tar.xz.drv'...
building '/nix/store/bap2k0419vyd5a6h7i49jfy5k5q1yr0m-rustc-1.96.0-x86_64-unknown-linux-gnu.tar.xz.drv'...
building '/nix/store/7pyfj02z2f8b25asamxvm6ib31dq5lgm-rustfmt-1.96.0-x86_64-unknown-linux-gnu.tar.xz.drv'...
copying path '/nix/store/47cyprvr217m3jkcjdlqvn71240ql0lr-vo-aacenc-0.1.3' from 'https://cache.nixos.org'...
copying path '/nix/store/hw5vrqqsjwq975zkysgr9p7whxzfkhdq-vulkan-loader-1.4.341.0-dev' from 'https://cache.nixos.org'...
copying path '/nix/store/9pb7l40av8g7rsslcfxm0k7wlgb54jwi-onnxruntime-1.26.0' from 'https://cache.nixos.org'...
copying path '/nix/store/pp3qyi30q80wr8fganm9x1r0ax19066z-gst-plugins-base-1.26.11' from 'https://cache.nixos.org'...
copying path '/nix/store/19shbca9xyw2wfdzdx9gjqjzbd8s2c5y-wavpack-5.9.0' from 'https://cache.nixos.org'...
copying path '/nix/store/vyd6g9viqafhzr97dq8zsbksdf4w5avm-sqlite-3.51.2-dev' from 'https://cache.nixos.org'...
copying path '/nix/store/h0f4d3vvc6hprgqkdyw9mz2as783lklw-webrtc-audio-processing-1.3' from 'https://cache.nixos.org'...
copying path '/nix/store/zkmykgrhv0qg0h3cpc5p22f6labc2giy-webrtc-audio-processing-2.1' from 'https://cache.nixos.org'...
copying path '/nix/store/a8avqfxd649rfgfpqldja6v38ljb8fj5-systemd-260.1' from 'https://cache.nixos.org'...
copying path '/nix/store/ik3gds098ccv7abxpr8b6yx3s07mikqx-wildmidi.cfg' from 'https://cache.nixos.org'...
copying path '/nix/store/k18gbw5vgck4dccaz856m7w624aw3346-flite-2.2-lib' from 'https://cache.nixos.org'...
copying path '/nix/store/h8y7pvqnwkgbcrnl2jz04c7p5infd6kn-fluidsynth-2.5.3' from 'https://cache.nixos.org'...
copying path '/nix/store/bv1lx5mxjr7brlpgvgi79mdw9m102xy1-libao-1.2.2' from 'https://cache.nixos.org'...
copying path '/nix/store/9qxv3ymy8cikbk007hc8gg76gxvn0agd-mpg123-1.33.4' from 'https://cache.nixos.org'...
copying path '/nix/store/d6398wybd3zp3igq4gcqhjzznwr63cm5-wildmidi-0.4.6' from 'https://cache.nixos.org'...
copying path '/nix/store/1qpnih5q981bl660yrgblpqb9zbz0sam-sox-unstable-2021-05-09-lib' from 'https://cache.nixos.org'...
copying path '/nix/store/9ylarnjv6c4lhfp93k8hzfp01fmqh2yf-wslay-1.1.1' from 'https://cache.nixos.org'...
copying path '/nix/store/qhkwr0h5zxmmbnircw05rn7ksp2wnb2w-x264-0-unstable-2025-01-03-lib' from 'https://cache.nixos.org'...
copying path '/nix/store/ypm8qd5nw5y0k97j08pjvcscys92vliq-x265-4.1' from 'https://cache.nixos.org'...
copying path '/nix/store/sm8plkabc1ngyazcf4imsxfiafs4lj15-xvidcore-1.3.7' from 'https://cache.nixos.org'...
copying path '/nix/store/92c7phs98c63hasf8b1sm2g15xlzaqnm-libopenmpt-0.8.6' from 'https://cache.nixos.org'...
copying path '/nix/store/pfx91lvz5m2pd11q0dqrmj113lznglja-yaml-cpp-0.8.0' from 'https://cache.nixos.org'...
copying path '/nix/store/mp0glxb79yk04qyafq08kmapp831qc3c-zimg-3.0.6' from 'https://cache.nixos.org'...
copying path '/nix/store/5k63q5lrhagc0ag2l1y0zag9ysnlrbn2-roc-toolkit-0.4.0' from 'https://cache.nixos.org'...
copying path '/nix/store/1b8b03qyqsqy6wcnvmdv1pihk1dk1qjv-zix-0.6.2' from 'https://cache.nixos.org'...
copying path '/nix/store/n8w02shaibrzld8pqhfh9v4l9i1jdpxd-opencolorio-2.5.1' from 'https://cache.nixos.org'...
copying path '/nix/store/7lvnra5yii4r4p0cv516fpsjyny6v9lj-zvbi-0.2.44' from 'https://cache.nixos.org'...
copying path '/nix/store/6d8xvplggkm1xhqpx7g2g0vzndmbnza5-zxing-cpp-2.3.0' from 'https://cache.nixos.org'...
building '/nix/store/7vnbw9m32006ws3vrwfvcmjqqakf6j4d-cargo-1.96.0-x86_64-unknown-linux-gnu.drv'...
building '/nix/store/q9iaibkdxpsf28s42sjgi981v4crar00-rust-std-1.96.0-x86_64-unknown-linux-gnu.drv'...
copying path '/nix/store/dcq0fl8a151bb75jjgm30af9hfwlqing-sord-0.16.20' from 'https://cache.nixos.org'...
copying path '/nix/store/9kajd4qjcd8x1zmapqqd07i069ahvmni-libcamera-0.7.0' from 'https://cache.nixos.org'...
copying path '/nix/store/n60rmv29xfz66q83qjx5xq4lwg54c7pl-sratom-0.6.22' from 'https://cache.nixos.org'...
copying path '/nix/store/kmfpsmxxvd35d1vq5r8hxd98bd311dzz-lilv-0.26.4' from 'https://cache.nixos.org'...
building '/nix/store/x8jkydk5zhs2d455man3ny5lamnkvy83-rustc-1.96.0-x86_64-unknown-linux-gnu.drv'...
copying path '/nix/store/xvrjmskfrp07gmh1zzlyfkv50nw40dcv-ffmpeg-8.1-lib' from 'https://cache.nixos.org'...
copying path '/nix/store/9kaqanq17zmnrcca7h45fzradqd49af9-ffmpeg-headless-8.1-lib' from 'https://cache.nixos.org'...
copying path '/nix/store/0l533sk22r613l3agjc05jaj1plcsp02-libheif-1.21.2-lib' from 'https://cache.nixos.org'...
copying path '/nix/store/b0lsb6hw6drmdz3rwmvg40nddn9qp7v4-openimageio-3.1.13.1' from 'https://cache.nixos.org'...
copying path '/nix/store/hbyz5wkdp6xb2am7by5qzj0925ryy9l9-openimageio-3.1.13.1-bin' from 'https://cache.nixos.org'...
copying path '/nix/store/7pmgymx3d7zhf555y43wbjnkfnr28p9j-openimageio-3.1.13.1-dev' from 'https://cache.nixos.org'...
building '/nix/store/lq2v3kzmnis3mm6vfwxgcwy3hqs2qbb0-rust-docs-1.96.0-x86_64-unknown-linux-gnu.drv'...
copying path '/nix/store/4h8yb7b9g2w2j8pvgbpg1mfs96z32hwr-appstream-1.1.2' from 'https://cache.nixos.org'...
copying path '/nix/store/frfl42glpibwzg0ishgylm50q430rzkm-libcanberra-0.30' from 'https://cache.nixos.org'...
copying path '/nix/store/s42mwar1595817q02248myp5zxsavakv-chromaprint-1.6.0' from 'https://cache.nixos.org'...
copying path '/nix/store/m2kqwy3rb25dy5zi5sjl4f6raryb67y9-pipewire-1.6.5' from 'https://cache.nixos.org'...
copying path '/nix/store/psl06rbppwa0dfapjaljqlbfrw6np79x-openal-soft-1.24.3' from 'https://cache.nixos.org'...
building '/nix/store/i736vzr1b4xx3l15n6k8dysn0vr1w9bi-clippy-preview-1.96.0-x86_64-unknown-linux-gnu.drv'...
building '/nix/store/00b7b1am4q91wz6qakblmj3s6kwy9f8g-rustfmt-preview-1.96.0-x86_64-unknown-linux-gnu.drv'...
building '/nix/store/shpdvwjpna22fzvs6igay7a8fdzj8q15-rust-default-1.96.0.drv'...
copying path '/nix/store/cir3h9xbdp643q7l8l04s1zzrs69f39w-gst-plugins-bad-1.26.11' from 'https://cache.nixos.org'...
copying path '/nix/store/v125s7ad2ni0r1vxw6bp3x0hg0rd403x-openblas-0.3.32' from 'https://cache.nixos.org'...
copying path '/nix/store/ba0pync7rmzsq32xxaz9l9hs3zj7hil4-blas-3' from 'https://cache.nixos.org'...
copying path '/nix/store/nmzb24chkjhj581y4dd6006lw7yvwwrh-lapack-3' from 'https://cache.nixos.org'...
copying path '/nix/store/64qmp7fap3740hxd2bsnpy10s9ndy5qx-qtbase-5.15.18-bin' from 'https://cache.nixos.org'...
copying path '/nix/store/nv0mfhnkk48nn28m9c6p0wqqqavfabij-qtdeclarative-5.15.18' from 'https://cache.nixos.org'...
copying path '/nix/store/ysz7c1qzlf30c8d7ajgynvh8nifn88c1-qtsvg-5.15.18' from 'https://cache.nixos.org'...
copying path '/nix/store/6sd97bvw7m6z5505nry7q6445gafn6hk-qtsvg-5.15.18-bin' from 'https://cache.nixos.org'...
copying path '/nix/store/hkg2i77ydzyym51dql6q375lnf29f17a-gtk4-4.22.4' from 'https://cache.nixos.org'...
copying path '/nix/store/k6c9h43glzpqghgymcpb2w5axcrfjg88-libadwaita-1.9.0' from 'https://cache.nixos.org'...
copying path '/nix/store/by4wdja9npd278y9hbx7qicnjqzjaca8-zenity-4.2.2' from 'https://cache.nixos.org'...
copying path '/nix/store/57xmjlh9syrffih7dh7w9d3l202yz5mc-sdl3-3.4.8-lib' from 'https://cache.nixos.org'...
copying path '/nix/store/i4hxv76a0kra72galsjibbdkyjdkad63-sdl3-3.4.8-lib' from 'https://cache.nixos.org'...
copying path '/nix/store/v80vdz9fpsax7lbs7ihpmiw8c0mq5dna-godot-4.6.3-stable' from 'https://cache.nixos.org'...
copying path '/nix/store/nmsf94bbhljgc0yvc74bxi8nvi0h7dwi-sdl2-compat-2.32.68' from 'https://cache.nixos.org'...
copying path '/nix/store/281zx8sanx5fcp8j6advwics7gwdvdaz-ffmpeg-8.1-bin' from 'https://cache.nixos.org'...
copying path '/nix/store/7rv05vh6qh1sfiirhjkfjp2gskqhxdp9-ffmpeg-8.1-dev' from 'https://cache.nixos.org'...
copying path '/nix/store/nwh8ccr2gwpyrj7gwq2samcxhdhpmhdx-qtdeclarative-5.15.18-bin' from 'https://cache.nixos.org'...
copying path '/nix/store/z6r1ggk48zkna0r46r5lx2z68c459y4v-qtquickcontrols-5.15.18' from 'https://cache.nixos.org'...
copying path '/nix/store/1978rfj14px0qahb43414c86b9xf50w5-qtwayland-5.15.18' from 'https://cache.nixos.org'...
copying path '/nix/store/8yq0f4r9sjcsxynrz7kcbzvsx2yfzn1g-qtwayland-5.15.18-bin' from 'https://cache.nixos.org'...
copying path '/nix/store/visbrai77jdb10iimllykb3g49phxb05-cgal-6.1.1' from 'https://cache.nixos.org'...
copying path '/nix/store/4475dvkkvpds695bmfz836x4nic1xz8j-blas-3-dev' from 'https://cache.nixos.org'...
copying path '/nix/store/cpvjx0z1ln30mmk3lsl8rjk23skvzlkw-suitesparse-5.13.0' from 'https://cache.nixos.org'...
copying path '/nix/store/ymw4kjf9rz946jsjg9bk0s491dda3xvz-ceres-solver-2.1.0' from 'https://cache.nixos.org'...
copying path '/nix/store/7h2m1jda18cp554jclv9z2wg5qqvnxwj-suitesparse-5.13.0-dev' from 'https://cache.nixos.org'...
copying path '/nix/store/fv4mibr9szzl7mqsfmpka9yqfx3ay0ma-ceres-solver-2.1.0-dev' from 'https://cache.nixos.org'...
copying path '/nix/store/5sy9vfk68wm7x2dzq7wp6riwnzkklcw8-colmap-4.0.4' from 'https://cache.nixos.org'...
building '/nix/store/bxvah932fyhb4z5gd666zc4rph6vyqsc-backrooms-pipeline-env.drv'...
this path will be fetched (107.5 KiB download, 107.4 KiB unpacked):
  /nix/store/73fr7zjwc2s46y7vrq8563237l0ivqcb-bash-interactive-5.3p9-man
copying path '/nix/store/73fr7zjwc2s46y7vrq8563237l0ivqcb-bash-interactive-5.3p9-man' from 'https://cache.nixos.org'...

=== backrooms-pipeline dev shell ===
  [x] colmap   E20261005 01:01:45.153663 140737211457536 colmap.cc:158] Command `--version` not recognized. To list the available commands, run `colmap help`.
  [ ] glomap   run: ./environment/setup-pipeline-tools.sh install-glomap
  [x] brush    found
  [ ] vggt     run: ./environment/setup-pipeline-tools.sh install-vggt
  [ ] sugar    run: ./environment/setup-pipeline-tools.sh install-sugar
  [x] ffmpeg   ffmpeg version 8.1.1
  [x] godot    4.6.3.stable.official.7d41c59c4

Missing tools? Run: ./environment/setup-pipeline-tools.sh
====================================
==> Installing GLOMAP 1.2.0 …
Cloning into '/home/user/src/glomap'...
Note: switching to '0edb1b8435e0f9a594318908b81a31f078a51bf7'.

You are in 'detached HEAD' state. You can look around, make experimental
changes and commit them, and you can discard any commits you make in this
state without impacting any branches by switching back to a branch.

If you want to create a new branch to retain commits you create, you may
do so (now or later) by using -c with the switch command. Example:

  git switch -c <new-branch-name>

Or undo this operation with:

  git switch -

Turn off this advice by setting config variable advice.detachedHead to false

  cmake/FindDependencies.cmake:53 (find_package)
  CMakeLists.txt:23 (include)


-- Configuring incomplete, errors occurred!
